[00:37:09] [pool-35-thread-1/WARN]: [DiscordSRV] 

The current build of DiscordSRV is outdated by 87 commits! Get the latest build at your favorite distribution center.

Spigot: https://www.spigotmc.org/resources/discordsrv.18494/
Github: https://github.com/DiscordSRV/DiscordSRV/releases
Direct Download: https://get.discordsrv.com

[00:38:57] [Craft Scheduler Thread - 446 - Vault/INFO]: [Vault] Checking for Updates ... 
[00:38:57] [Craft Scheduler Thread - 446 - Vault/INFO]: [Vault] No new version available
[06:30:36] [Server thread/INFO]: Stopping server
[06:30:36] [Server thread/INFO]: [AuctionHouse] Disabling AuctionHouse v1.3.9
[06:30:36] [Server thread/INFO]: [TAB] Disabling TAB v5.0.3
[06:30:36] [Server thread/INFO]: [TAB] Disabled in 35ms
[06:30:36] [Server thread/INFO]: [EssentialsChat] Disabling EssentialsChat v2.21.0
[06:30:36] [Server thread/INFO]: [Jobs] Disabling Jobs v5.2.6.5
[06:30:36] [Server thread/INFO]: ------------- Jobs -------------
[06:30:37] [Server thread/INFO]: Cleared boss bar cache
[06:30:37] [Server thread/INFO]: Saved player data
[06:30:37] [Jobs-BufferedPaymentThread/INFO]: Buffered payment thread shutdown.
[06:30:37] [Jobs-DatabaseSaveTask/INFO]: Database save task shutdown!
[06:30:37] [Server thread/INFO]: Closed database connection
[06:30:37] [Server thread/INFO]: ------------------------------------
[06:30:37] [Server thread/INFO]: [Geyser-Spigot] Disabling Geyser-Spigot v2.9.1-SNAPSHOT
[06:30:37] [Server thread/INFO]: [Geyser-Spigot] Shutting down Geyser.
[06:30:37] [Server thread/INFO]: [Geyser-Spigot] Geyser shutdown successfully.
[06:30:37] [Server thread/INFO]: [VeinMiner] Disabling VeinMiner v2.3.0
[06:30:37] [Server thread/INFO]: [VeinMiner] Clearing localized data
[06:30:37] [Server thread/INFO]: [AuthMe] Disabling AuthMe v5.6.0-beta2-b2453
[06:30:37] [WebSocketConnectReadThread-1914/INFO]: [Geyser-Spigot] The skin uploader has been closed
[06:30:37] [Server thread/INFO]: [AuthMe] Waiting for 0 tasks to finish
[06:30:37] [Server thread/INFO]: [AuthMe] AuthMe 5.6.0-beta2-b2453 disabled!
[06:30:37] [Server thread/INFO]: [SkinsRestorer] Disabling SkinsRestorer v15.10.0
[06:30:37] [Server thread/INFO]: [ChestShop] Disabling ChestShop v3.12.3-SNAPSHOT (build 446)
[06:30:37] [Server thread/INFO]: [CMILib] Disabling CMILib v1.5.7.5
[06:30:37] [Server thread/INFO]: [EssentialsSpawn] Disabling EssentialsSpawn v2.21.0
[06:30:37] [Server thread/INFO]: [floodgate] Disabling floodgate v2.2.5-SNAPSHOT (b121-55a85ec)
